C:\Users\5490\Downloads\airline-managmment-system-main\airline-managmment-system-main\src\main\java\com\airline\controller\FlightController.java
C:\Users\5490\Downloads\airline-managmment-system-main\airline-managmment-system-main\src\main\java\com\airline\repository\FlightRepository.java
C:\Users\5490\Downloads\airline-managmment-system-main\airline-managmment-system-main\src\main\java\com\airline\repository\TicketRepository.java
C:\Users\5490\Downloads\airline-managmment-system-main\airline-managmment-system-main\src\main\java\com\airline\controller\TicketController.java
C:\Users\5490\Downloads\airline-managmment-system-main\airline-managmment-system-main\src\main\java\com\airline\controller\HelloController.java
C:\Users\5490\Downloads\airline-managmment-system-main\airline-managmment-system-main\src\main\java\com\airline\entity\Ticket.java
C:\Users\5490\Downloads\airline-managmment-system-main\airline-managmment-system-main\src\main\java\com\airline\entity\Flight.java
C:\Users\5490\Downloads\airline-managmment-system-main\airline-managmment-system-main\src\main\java\com\airline\AirlineManagementApplication.java
C:\Users\5490\Downloads\airline-managmment-system-main\airline-managmment-system-main\src\main\java\com\airline\service\TicketService.java
